/TEST-METER

1-3:0.2.8(50)
0-0:1.0.0(211216104025W)
0-0:96.1.1(0123456789012345678901234567890123)
1-0:1.8.1(003382.928*kWh)
1-0:1.8.2(001576.309*kWh)
1-0:2.8.1(001944.285*kWh)
1-0:2.8.2(004445.037*kWh)
0-0:96.14.0(0002)
1-0:1.7.0(00.000*kW)
1-0:2.7.0(00.807*kW)
0-0:96.7.21(00052)
0-0:96.7.9(00064)
1-0:99.97.0(10)(0-0:96.7.19)(211122172349W)(0015037776*s)(211122172349W)(0015037773*s)(211122172348W)(0015037767*s)(211028215157S)(0012890264*s)(211028215157S)(0012890261*s)(211028215156S)(0012890255*s)(211004012010S)(0010742757*s)(211004012009S)(0010742754*s)(211004012008S)(0010742748*s)(210909044826S)(0008595253*s)
1-0:32.32.0(00010)
1-0:52.32.0(00016)
1-0:72.32.0(00011)
1-0:32.36.0(00014)
1-0:52.36.0(00013)
1-0:72.36.0(00015)
0-0:96.13.0()
1-0:32.7.0(236.0*V)
1-0:52.7.0(236.0*V)
1-0:72.7.0(236.0*V)
1-0:31.7.0(001*A)
1-0:51.7.0(001*A)
1-0:71.7.0(001*A)
1-0:21.7.0(00.000*kW)
1-0:41.7.0(00.000*kW)
1-0:61.7.0(00.000*kW)
1-0:22.7.0(00.152*kW)
1-0:42.7.0(00.309*kW)
1-0:62.7.0(00.345*kW)
!FAD0